// Jest Snapshot v1, https://goo.gl/fbAQLP

exports[`renders correctly 1`] = `
<View
  style={
    Object {
      "flexDirection": "column",
      "marginTop": 20,
    }
  }
>
  <Text
    style={
      Object {
        "fontSize": 25,
        "fontWeight": "700",
      }
    }
  >
    Ingredients
  </Text>
  <View
    style={
      Object {
        "backgroundColor": "grey",
        "height": 1,
        "marginBottom": 20,
        "width": "90%",
      }
    }
  />
  <View
    style={
      Object {
        "alignItems": "flex-start",
        "flexDirection": "row",
        "flexShrink": 1,
        "justifyContent": "flex-start",
        "marginBottom": 5,
        "marginLeft": 5,
      }
    }
  >
    <Text
      style={
        Object {
          "flexShrink": 1,
          "fontSize": 16,
        }
      }
    >
      •
       
      Item 1
    </Text>
  </View>
  <View
    style={
      Object {
        "alignItems": "flex-start",
        "flexDirection": "row",
        "flexShrink": 1,
        "justifyContent": "flex-start",
        "marginBottom": 5,
        "marginLeft": 5,
      }
    }
  >
    <Text
      style={
        Object {
          "flexShrink": 1,
          "fontSize": 16,
        }
      }
    >
      •
       
      Item 2
    </Text>
  </View>
  <View
    style={
      Object {
        "alignItems": "flex-start",
        "flexDirection": "row",
        "flexShrink": 1,
        "justifyContent": "flex-start",
        "marginBottom": 5,
        "marginLeft": 5,
      }
    }
  >
    <Text
      style={
        Object {
          "flexShrink": 1,
          "fontSize": 16,
        }
      }
    >
      •
       
      Item 3
    </Text>
  </View>
  <View
    style={
      Object {
        "alignItems": "flex-start",
        "flexDirection": "row",
        "flexShrink": 1,
        "justifyContent": "flex-start",
        "marginBottom": 5,
        "marginLeft": 5,
      }
    }
  >
    <Text
      style={
        Object {
          "flexShrink": 1,
          "fontSize": 16,
        }
      }
    >
      •
       
      Item 4
    </Text>
  </View>
  <View
    style={
      Object {
        "alignItems": "flex-start",
        "flexDirection": "row",
        "flexShrink": 1,
        "justifyContent": "flex-start",
        "marginBottom": 5,
        "marginLeft": 5,
      }
    }
  >
    <Text
      style={
        Object {
          "flexShrink": 1,
          "fontSize": 16,
        }
      }
    >
      •
       
      Item 5
    </Text>
  </View>
  <View
    style={
      Object {
        "alignItems": "flex-start",
        "flexDirection": "row",
        "flexShrink": 1,
        "justifyContent": "flex-start",
        "marginBottom": 5,
        "marginLeft": 5,
      }
    }
  >
    <Text
      style={
        Object {
          "flexShrink": 1,
          "fontSize": 16,
        }
      }
    >
      •
       
      Item 6
    </Text>
  </View>
  <View
    style={
      Object {
        "alignItems": "flex-start",
        "flexDirection": "row",
        "flexShrink": 1,
        "justifyContent": "flex-start",
        "marginBottom": 5,
        "marginLeft": 5,
      }
    }
  >
    <Text
      style={
        Object {
          "flexShrink": 1,
          "fontSize": 16,
        }
      }
    >
      •
       
      Item 7
    </Text>
  </View>
  <View
    style={
      Object {
        "alignItems": "flex-start",
        "flexDirection": "row",
        "flexShrink": 1,
        "justifyContent": "flex-start",
        "marginBottom": 5,
        "marginLeft": 5,
      }
    }
  >
    <Text
      style={
        Object {
          "flexShrink": 1,
          "fontSize": 16,
        }
      }
    >
      •
       
      Item 8
    </Text>
  </View>
</View>
`;
